<html>
<body>
<pre>
<h1>µVision Build Log</h1>
<h2>Tool Versions:</h2>
IDE-Version: µVision V5.32.0.0
Copyright (C) 2020 ARM Ltd and ARM Germany GmbH. All rights reserved.
License Information: £ukasz Drzensla, AGH University of Science and Technology, LIC=----
 
Tool Versions:
Toolchain:       MDK-Lite  Version: 5.32.0.0
Toolchain Path:  E:\Software\keil\ARM\ARMCC\Bin
C Compiler:      Armcc.exe V5.06 update 7 (build 960)
Assembler:       Armasm.exe V5.06 update 7 (build 960)
Linker/Locator:  ArmLink.exe V5.06 update 7 (build 960)
Library Manager: ArmAr.exe V5.06 update 7 (build 960)
Hex Converter:   FromElf.exe V5.06 update 7 (build 960)
CPU DLL:         SARMCM3.DLL V5.32.0.0
Dialog DLL:      DARMCM1.DLL V1.19.4.0
Target DLL:      Segger\JL2CM3.dll V2.99.38.0
Dialog DLL:      TARMCM1.DLL V1.14.3.0
 
<h2>Project:</h2>
E:\Workspace\AGH\Sem 5\TMP2\PROJEKT - POMIAR\demo.uvprojx
Project File Date:  11/12/2022

<h2>Output:</h2>
*** Using Compiler 'V5.06 update 7 (build 960)', folder: 'E:\Software\keil\ARM\ARMCC\Bin'
Build target 'FRDM-KL05ZJ'
compiling main.c...
tpm.h(23): warning:  #1295-D: Deprecated declaration TPM0_Init_InputCapture - give arg types
  void TPM0_Init_InputCapture();
tpm.h(33): warning:  #1295-D: Deprecated declaration TPM1_GetVal - give arg types
  uint32_t TPM1_GetVal();
tpm.h(34): warning:  #1295-D: Deprecated declaration TPM0_GetVal - give arg types
  uint32_t TPM0_GetVal();
main.c(20): warning:  #1295-D: Deprecated declaration clear - give arg types
  void clear();
main.c(113): warning:  #186-D: pointless comparison of unsigned integer with zero
  				DELAY(0);
main.c(138): warning:  #177-D: variable "sliderTemp"  was declared but never referenced
  	uint8_t sliderTemp;
main.c(84): warning:  #177-D: variable "sliderVal"  was declared but never referenced
  static uint8_t sliderVal = 50;
main.c(85): warning:  #177-D: variable "sliderOld"  was declared but never referenced
  static uint8_t sliderOld = 0;
main.c: 8 warnings, 0 errors
linking...
Program Size: Code=1912 RO-data=224 RW-data=104 ZI-data=352  
".\Objects\demo.axf" - 0 Error(s), 8 Warning(s).

<h2>Software Packages used:</h2>

Package Vendor: ARM
                http://www.keil.com/pack/ARM.CMSIS.5.9.0.pack
                ARM.CMSIS.5.9.0
                CMSIS (Common Microcontroller Software Interface Standard)
   * Component: CORE Version: 5.6.0

Package Vendor: Keil
                http://www.keil.com/pack/Keil.Kinetis_KLxx_DFP.1.15.0.pack
                Keil.Kinetis_KLxx_DFP.1.15.0
                NXP Kinetis KLxx Series Device Support and Examples
   * Component: Startup Version: 1.0.0

<h2>Collection of Component include folders:</h2>
  .\RTE\_FRDM-KL05ZJ
  E:\Software\keilpacks\ARM\CMSIS\5.9.0\CMSIS\Core\Include
  E:\Software\keilpacks\Keil\Kinetis_KLxx_DFP\1.15.0\Device\Include

<h2>Collection of Component Files used:</h2>

   * Component: ARM::CMSIS:CORE:5.6.0

   * Component: Keil::Device:Startup:1.0.0
      Source file:   Device\Source\system_MKL05Z4.c
      Source file:   Device\Source\ARM\startup_MKL05Z4.s
Build Time Elapsed:  00:00:00
</pre>
</body>
</html>
