Component: ARM Compiler 5.06 update 7 (build 960) Tool: armlink [4d3601]

==============================================================================

Section Cross References

    main.o(i.SysTick_Handler) refers to main.o(.data) for msTicks
    main.o(i.get_distance) refers to aeabi_sdiv.o(.text) for __aeabi_idivmod
    main.o(i.lcd_static) refers to lcd1602.o(i.LCD1602_ClearAll) for LCD1602_ClearAll
    main.o(i.lcd_static) refers to lcd1602.o(i.LCD1602_SetCursor) for LCD1602_SetCursor
    main.o(i.lcd_static) refers to lcd1602.o(i.LCD1602_Print) for LCD1602_Print
    main.o(i.lcd_static) refers to main.o(i.lcd_update) for lcd_update
    main.o(i.lcd_update) refers to lcd1602.o(i.LCD1602_SetCursor) for LCD1602_SetCursor
    main.o(i.lcd_update) refers to lcd1602.o(i.LCD1602_PrintNum) for LCD1602_PrintNum
    main.o(i.lcd_update) refers to main.o(.data) for sensor0
    main.o(i.main) refers to wheels.o(i.wheels_init) for wheels_init
    main.o(i.main) refers to trigger.o(i.trig_init) for trig_init
    main.o(i.main) refers to lcd1602.o(i.LCD1602_Init) for LCD1602_Init
    main.o(i.main) refers to main.o(i.lcd_static) for lcd_static
    main.o(i.main) refers to main.o(i.__NVIC_SetPriority) for __NVIC_SetPriority
    main.o(i.main) refers to tpm.o(i.TPM1_Init_InputCapture) for TPM1_Init_InputCapture
    main.o(i.main) refers to tpm.o(i.TPM0_Init_InputCapture) for TPM0_Init_InputCapture
    main.o(i.main) refers to trigger.o(i.trigger) for trigger
    main.o(i.main) refers to tpm.o(i.getNewDist1) for getNewDist1
    main.o(i.main) refers to tpm.o(i.resetNewDist1) for resetNewDist1
    main.o(i.main) refers to tpm.o(i.TPM1_GetVal) for TPM1_GetVal
    main.o(i.main) refers to main.o(i.get_distance) for get_distance
    main.o(i.main) refers to tpm.o(i.getNewDist0) for getNewDist0
    main.o(i.main) refers to tpm.o(i.resetNewDist0) for resetNewDist0
    main.o(i.main) refers to tpm.o(i.TPM0_GetVal) for TPM0_GetVal
    main.o(i.main) refers to main.o(i.lcd_update) for lcd_update
    main.o(i.main) refers to wheels.o(i.turn_left) for turn_left
    main.o(i.main) refers to wheels.o(i.turn_right) for turn_right
    main.o(i.main) refers to wheels.o(i.forward) for forward
    main.o(i.main) refers to main.o(.data) for newTick
    tpm.o(i.TPM0_GetVal) refers to tpm.o(.data) for tpm0Diff
    tpm.o(i.TPM0_IRQHandler) refers to tpm.o(.data) for tpm0New
    tpm.o(i.TPM0_Init_InputCapture) refers to tpm.o(i.__NVIC_SetPriority) for __NVIC_SetPriority
    tpm.o(i.TPM0_Init_InputCapture) refers to tpm.o(i.__NVIC_ClearPendingIRQ) for __NVIC_ClearPendingIRQ
    tpm.o(i.TPM0_Init_InputCapture) refers to tpm.o(i.__NVIC_EnableIRQ) for __NVIC_EnableIRQ
    tpm.o(i.TPM1_GetVal) refers to tpm.o(.data) for tpm1Diff
    tpm.o(i.TPM1_IRQHandler) refers to tpm.o(.data) for tpm1New
    tpm.o(i.TPM1_Init_InputCapture) refers to tpm.o(i.__NVIC_SetPriority) for __NVIC_SetPriority
    tpm.o(i.TPM1_Init_InputCapture) refers to tpm.o(i.__NVIC_ClearPendingIRQ) for __NVIC_ClearPendingIRQ
    tpm.o(i.TPM1_Init_InputCapture) refers to tpm.o(i.__NVIC_EnableIRQ) for __NVIC_EnableIRQ
    tpm.o(i.getNewDist0) refers to tpm.o(.data) for newDist0
    tpm.o(i.getNewDist1) refers to tpm.o(.data) for newDist1
    tpm.o(i.resetNewDist0) refers to tpm.o(.data) for newDist0
    tpm.o(i.resetNewDist1) refers to tpm.o(.data) for newDist1
    wheels.o(i.back) refers to wheels.o(i.clear) for clear
    wheels.o(i.forward) refers to wheels.o(i.clear) for clear
    wheels.o(i.forward) refers to aeabi_sdiv.o(.text) for __aeabi_idivmod
    wheels.o(i.forward) refers to wheels.o(.data) for n
    wheels.o(i.turn_left) refers to wheels.o(i.clear) for clear
    wheels.o(i.turn_right) refers to wheels.o(i.clear) for clear
    i2c.o(i.I2C_Ping) refers to i2c.o(i.i2c_enable) for i2c_enable
    i2c.o(i.I2C_Ping) refers to i2c.o(i.i2c_tran) for i2c_tran
    i2c.o(i.I2C_Ping) refers to i2c.o(i.i2c_m_start) for i2c_m_start
    i2c.o(i.I2C_Ping) refers to i2c.o(i.i2c_send) for i2c_send
    i2c.o(i.I2C_Ping) refers to i2c.o(i.i2c_wait) for i2c_wait
    i2c.o(i.I2C_Ping) refers to i2c.o(i.i2c_m_stop) for i2c_m_stop
    i2c.o(i.I2C_Ping) refers to i2c.o(i.i2c_disable) for i2c_disable
    i2c.o(i.I2C_Ping) refers to i2c.o(.data) for error
    i2c.o(i.I2C_Write) refers to i2c.o(i.i2c_enable) for i2c_enable
    i2c.o(i.I2C_Write) refers to i2c.o(i.i2c_tran) for i2c_tran
    i2c.o(i.I2C_Write) refers to i2c.o(i.i2c_m_start) for i2c_m_start
    i2c.o(i.I2C_Write) refers to i2c.o(i.i2c_send) for i2c_send
    i2c.o(i.I2C_Write) refers to i2c.o(i.i2c_wait) for i2c_wait
    i2c.o(i.I2C_Write) refers to i2c.o(i.i2c_m_stop) for i2c_m_stop
    i2c.o(i.I2C_Write) refers to i2c.o(i.i2c_disable) for i2c_disable
    i2c.o(i.I2C_Write) refers to i2c.o(.data) for error
    i2c.o(i.i2c_wait) refers to i2c.o(i.i2c_clr_IICIF) for i2c_clr_IICIF
    i2c.o(i.i2c_wait) refers to i2c.o(.data) for timeout
    lcd1602.o(i.LCD1602_Backlight) refers to lcd1602.o(i.PCF8574_Write) for PCF8574_Write
    lcd1602.o(i.LCD1602_Backlight) refers to lcd1602.o(.data) for lcd_backlight
    lcd1602.o(i.LCD1602_CheckAddress) refers to i2c.o(i.I2C_Write) for I2C_Write
    lcd1602.o(i.LCD1602_CheckAddress) refers to lcd1602.o(.data) for pcf_address
    lcd1602.o(i.LCD1602_ClearAll) refers to lcd1602.o(i.LCD1602_Write8) for LCD1602_Write8
    lcd1602.o(i.LCD1602_Init) refers to i2c.o(i.I2C_Init) for I2C_Init
    lcd1602.o(i.LCD1602_Init) refers to lcd1602.o(i.LCD1602_CheckAddress) for LCD1602_CheckAddress
    lcd1602.o(i.LCD1602_Init) refers to lcd1602.o(i.LCD1602_Write8) for LCD1602_Write8
    lcd1602.o(i.LCD1602_Print) refers to lcd1602.o(i.LCD1602_Write8) for LCD1602_Write8
    lcd1602.o(i.LCD1602_PrintNum) refers to lcd1602.o(i.itoa) for itoa
    lcd1602.o(i.LCD1602_PrintNum) refers to lcd1602.o(i.LCD1602_Print) for LCD1602_Print
    lcd1602.o(i.LCD1602_SetCursor) refers to lcd1602.o(i.LCD1602_Write8) for LCD1602_Write8
    lcd1602.o(i.LCD1602_Write4) refers to lcd1602.o(i.PCF8574_Write) for PCF8574_Write
    lcd1602.o(i.LCD1602_Write8) refers to lcd1602.o(i.LCD1602_Write4) for LCD1602_Write4
    lcd1602.o(i.PCF8574_Write) refers to i2c.o(i.I2C_Write) for I2C_Write
    lcd1602.o(i.PCF8574_Write) refers to lcd1602.o(.data) for lcd_backlight
    lcd1602.o(i.itoa) refers to aeabi_sdiv.o(.text) for __aeabi_idivmod
    startup_mkl05z4.o(STACK) refers (Special) to heapauxi.o(.text) for __use_two_region_memory
    startup_mkl05z4.o(HEAP) refers (Special) to heapauxi.o(.text) for __use_two_region_memory
    startup_mkl05z4.o(RESET) refers (Special) to heapauxi.o(.text) for __use_two_region_memory
    startup_mkl05z4.o(RESET) refers to startup_mkl05z4.o(STACK) for __initial_sp
    startup_mkl05z4.o(RESET) refers to startup_mkl05z4.o(.text) for Reset_Handler
    startup_mkl05z4.o(RESET) refers to main.o(i.SysTick_Handler) for SysTick_Handler
    startup_mkl05z4.o(RESET) refers to tpm.o(i.TPM0_IRQHandler) for TPM0_IRQHandler
    startup_mkl05z4.o(RESET) refers to tpm.o(i.TPM1_IRQHandler) for TPM1_IRQHandler
    startup_mkl05z4.o(.ARM.__at_0x400) refers (Special) to heapauxi.o(.text) for __use_two_region_memory
    startup_mkl05z4.o(.text) refers (Special) to heapauxi.o(.text) for __use_two_region_memory
    startup_mkl05z4.o(.text) refers to system_mkl05z4.o(i.SystemInit) for SystemInit
    startup_mkl05z4.o(.text) refers to __main.o(!!!main) for __main
    startup_mkl05z4.o(.text) refers to startup_mkl05z4.o(HEAP) for Heap_Mem
    startup_mkl05z4.o(.text) refers to startup_mkl05z4.o(STACK) for Stack_Mem
    system_mkl05z4.o(i.SystemCoreClockUpdate) refers to aeabi_sdiv.o(.text) for __aeabi_uidivmod
    system_mkl05z4.o(i.SystemCoreClockUpdate) refers to system_mkl05z4.o(i.__ARM_common_switch8) for __ARM_common_switch8
    system_mkl05z4.o(i.SystemCoreClockUpdate) refers to system_mkl05z4.o(.data) for SystemCoreClock
    __main.o(!!!main) refers to __rtentry.o(.ARM.Collect$$rtentry$$00000000) for __rt_entry
    __rtentry.o(.ARM.Collect$$rtentry$$00000000) refers (Special) to __rtentry2.o(.ARM.Collect$$rtentry$$0000000A) for __rt_entry_li
    __rtentry.o(.ARM.Collect$$rtentry$$00000000) refers (Special) to __rtentry2.o(.ARM.Collect$$rtentry$$0000000D) for __rt_entry_main
    __rtentry.o(.ARM.Collect$$rtentry$$00000000) refers (Special) to __rtentry2.o(.ARM.Collect$$rtentry$$0000000C) for __rt_entry_postli_1
    __rtentry.o(.ARM.Collect$$rtentry$$00000000) refers (Special) to __rtentry2.o(.ARM.Collect$$rtentry$$00000009) for __rt_entry_postsh_1
    __rtentry.o(.ARM.Collect$$rtentry$$00000000) refers (Special) to __rtentry2.o(.ARM.Collect$$rtentry$$00000002) for __rt_entry_presh_1
    __rtentry.o(.ARM.Collect$$rtentry$$00000000) refers (Special) to __rtentry4.o(.ARM.Collect$$rtentry$$00000004) for __rt_entry_sh
    aeabi_idiv0_sigfpe.o(.text) refers to rt_div0.o(.text) for __rt_div0
    __rtentry2.o(.ARM.Collect$$rtentry$$00000008) refers to boardinit2.o(.text) for _platform_post_stackheap_init
    __rtentry2.o(.ARM.Collect$$rtentry$$0000000A) refers to libinit.o(.ARM.Collect$$libinit$$00000000) for __rt_lib_init
    __rtentry2.o(.ARM.Collect$$rtentry$$0000000B) refers to boardinit3.o(.text) for _platform_post_lib_init
    __rtentry2.o(.ARM.Collect$$rtentry$$0000000D) refers to main.o(i.main) for main
    __rtentry2.o(.ARM.Collect$$rtentry$$0000000D) refers to exit.o(.text) for exit
    __rtentry2.o(.ARM.exidx) refers to __rtentry2.o(.ARM.Collect$$rtentry$$00000001) for .ARM.Collect$$rtentry$$00000001
    __rtentry2.o(.ARM.exidx) refers to __rtentry2.o(.ARM.Collect$$rtentry$$00000008) for .ARM.Collect$$rtentry$$00000008
    __rtentry2.o(.ARM.exidx) refers to __rtentry2.o(.ARM.Collect$$rtentry$$0000000A) for .ARM.Collect$$rtentry$$0000000A
    __rtentry2.o(.ARM.exidx) refers to __rtentry2.o(.ARM.Collect$$rtentry$$0000000B) for .ARM.Collect$$rtentry$$0000000B
    __rtentry2.o(.ARM.exidx) refers to __rtentry2.o(.ARM.Collect$$rtentry$$0000000D) for .ARM.Collect$$rtentry$$0000000D
    __rtentry4.o(.ARM.Collect$$rtentry$$00000004) refers to sys_stackheap_outer.o(.text) for __user_setup_stackheap
    __rtentry4.o(.ARM.exidx) refers to __rtentry4.o(.ARM.Collect$$rtentry$$00000004) for .ARM.Collect$$rtentry$$00000004
    rt_div0.o(.text) refers to defsig_fpe_outer.o(.text) for __rt_SIGFPE
    sys_stackheap_outer.o(.text) refers to libspace.o(.text) for __user_perproc_libspace
    sys_stackheap_outer.o(.text) refers to startup_mkl05z4.o(.text) for __user_initial_stackheap
    sys_stackheap_outer.o(__vectab_stack_and_reset_area) refers to tempstk.o(.text) for __temporary_stack_top
    sys_stackheap_outer.o(__vectab_stack_and_reset_area) refers to __main.o(!!!main) for __main
    exit.o(.text) refers to rtexit.o(.ARM.Collect$$rtexit$$00000000) for __rt_exit
    defsig_fpe_outer.o(.text) refers to defsig_fpe_inner.o(.text) for __rt_SIGFPE_inner
    defsig_fpe_outer.o(.text) refers to defsig_exit.o(.text) for __sig_exit
    defsig_fpe_formal.o(.text) refers to rt_raise.o(.text) for __rt_raise
    libinit.o(.ARM.Collect$$libinit$$00000000) refers (Special) to libinit2.o(.ARM.Collect$$libinit$$0000002E) for __rt_lib_init_alloca_1
    libinit.o(.ARM.Collect$$libinit$$00000000) refers (Special) to libinit2.o(.ARM.Collect$$libinit$$0000002C) for __rt_lib_init_argv_1
    libinit.o(.ARM.Collect$$libinit$$00000000) refers (Special) to libinit2.o(.ARM.Collect$$libinit$$0000001B) for __rt_lib_init_atexit_1
    libinit.o(.ARM.Collect$$libinit$$00000000) refers (Special) to libinit2.o(.ARM.Collect$$libinit$$00000021) for __rt_lib_init_clock_1
    libinit.o(.ARM.Collect$$libinit$$00000000) refers (Special) to libinit2.o(.ARM.Collect$$libinit$$00000032) for __rt_lib_init_cpp_1
    libinit.o(.ARM.Collect$$libinit$$00000000) refers (Special) to libinit2.o(.ARM.Collect$$libinit$$00000030) for __rt_lib_init_exceptions_1
    libinit.o(.ARM.Collect$$libinit$$00000000) refers (Special) to libinit2.o(.ARM.Collect$$libinit$$00000002) for __rt_lib_init_fp_1
    libinit.o(.ARM.Collect$$libinit$$00000000) refers (Special) to libinit2.o(.ARM.Collect$$libinit$$0000001F) for __rt_lib_init_fp_trap_1
    libinit.o(.ARM.Collect$$libinit$$00000000) refers (Special) to libinit2.o(.ARM.Collect$$libinit$$00000023) for __rt_lib_init_getenv_1
    libinit.o(.ARM.Collect$$libinit$$00000000) refers (Special) to libinit2.o(.ARM.Collect$$libinit$$0000000A) for __rt_lib_init_heap_1
    libinit.o(.ARM.Collect$$libinit$$00000000) refers (Special) to libinit2.o(.ARM.Collect$$libinit$$00000011) for __rt_lib_init_lc_collate_1
    libinit.o(.ARM.Collect$$libinit$$00000000) refers (Special) to libinit2.o(.ARM.Collect$$libinit$$00000013) for __rt_lib_init_lc_ctype_1
    libinit.o(.ARM.Collect$$libinit$$00000000) refers (Special) to libinit2.o(.ARM.Collect$$libinit$$00000015) for __rt_lib_init_lc_monetary_1
    libinit.o(.ARM.Collect$$libinit$$00000000) refers (Special) to libinit2.o(.ARM.Collect$$libinit$$00000017) for __rt_lib_init_lc_numeric_1
    libinit.o(.ARM.Collect$$libinit$$00000000) refers (Special) to libinit2.o(.ARM.Collect$$libinit$$00000019) for __rt_lib_init_lc_time_1
    libinit.o(.ARM.Collect$$libinit$$00000000) refers (Special) to libinit2.o(.ARM.Collect$$libinit$$00000004) for __rt_lib_init_preinit_1
    libinit.o(.ARM.Collect$$libinit$$00000000) refers (Special) to libinit2.o(.ARM.Collect$$libinit$$0000000E) for __rt_lib_init_rand_1
    libinit.o(.ARM.Collect$$libinit$$00000000) refers (Special) to libinit2.o(.ARM.Collect$$libinit$$00000033) for __rt_lib_init_return
    libinit.o(.ARM.Collect$$libinit$$00000000) refers (Special) to libinit2.o(.ARM.Collect$$libinit$$0000001D) for __rt_lib_init_signal_1
    libinit.o(.ARM.Collect$$libinit$$00000000) refers (Special) to libinit2.o(.ARM.Collect$$libinit$$00000025) for __rt_lib_init_stdio_1
    libinit.o(.ARM.Collect$$libinit$$00000000) refers (Special) to libinit2.o(.ARM.Collect$$libinit$$0000000C) for __rt_lib_init_user_alloc_1
    libspace.o(.text) refers to libspace.o(.bss) for __libspace_start
    rtexit.o(.ARM.Collect$$rtexit$$00000000) refers (Special) to rtexit2.o(.ARM.Collect$$rtexit$$00000004) for __rt_exit_exit
    rtexit.o(.ARM.Collect$$rtexit$$00000000) refers (Special) to rtexit2.o(.ARM.Collect$$rtexit$$00000003) for __rt_exit_ls
    rtexit.o(.ARM.Collect$$rtexit$$00000000) refers (Special) to rtexit2.o(.ARM.Collect$$rtexit$$00000002) for __rt_exit_prels_1
    rtexit.o(.ARM.exidx) refers (Special) to rtexit2.o(.ARM.Collect$$rtexit$$00000004) for __rt_exit_exit
    rtexit.o(.ARM.exidx) refers (Special) to rtexit2.o(.ARM.Collect$$rtexit$$00000003) for __rt_exit_ls
    rtexit.o(.ARM.exidx) refers (Special) to rtexit2.o(.ARM.Collect$$rtexit$$00000002) for __rt_exit_prels_1
    rtexit.o(.ARM.exidx) refers to rtexit.o(.ARM.Collect$$rtexit$$00000000) for .ARM.Collect$$rtexit$$00000000
    rt_raise.o(.text) refers to __raise.o(.text) for __raise
    rt_raise.o(.text) refers to sys_exit.o(.text) for _sys_exit
    defsig_exit.o(.text) refers to sys_exit.o(.text) for _sys_exit
    defsig_fpe_inner.o(.text) refers to defsig_general.o(.text) for __default_signal_display
    libinit2.o(.ARM.Collect$$libinit$$00000010) refers to libinit2.o(.ARM.Collect$$libinit$$0000000F) for .ARM.Collect$$libinit$$0000000F
    libinit2.o(.ARM.Collect$$libinit$$00000012) refers to libinit2.o(.ARM.Collect$$libinit$$0000000F) for .ARM.Collect$$libinit$$0000000F
    libinit2.o(.ARM.Collect$$libinit$$00000014) refers to libinit2.o(.ARM.Collect$$libinit$$0000000F) for .ARM.Collect$$libinit$$0000000F
    libinit2.o(.ARM.Collect$$libinit$$00000016) refers to libinit2.o(.ARM.Collect$$libinit$$0000000F) for .ARM.Collect$$libinit$$0000000F
    libinit2.o(.ARM.Collect$$libinit$$00000018) refers to libinit2.o(.ARM.Collect$$libinit$$0000000F) for .ARM.Collect$$libinit$$0000000F
    libinit2.o(.ARM.Collect$$libinit$$00000026) refers to argv_veneer.o(.text) for __ARM_argv_veneer
    libinit2.o(.ARM.Collect$$libinit$$00000027) refers to argv_veneer.o(.text) for __ARM_argv_veneer
    sys_exit.o(.text) refers (Special) to use_no_semi.o(.text) for __I$use$semihosting
    sys_exit.o(.text) refers (Special) to indicate_semi.o(.text) for __semihosting_library_function
    rtexit2.o(.ARM.Collect$$rtexit$$00000003) refers to libshutdown.o(.ARM.Collect$$libshutdown$$00000000) for __rt_lib_shutdown
    rtexit2.o(.ARM.Collect$$rtexit$$00000004) refers to sys_exit.o(.text) for _sys_exit
    rtexit2.o(.ARM.exidx) refers to rtexit2.o(.ARM.Collect$$rtexit$$00000001) for .ARM.Collect$$rtexit$$00000001
    rtexit2.o(.ARM.exidx) refers to rtexit2.o(.ARM.Collect$$rtexit$$00000003) for .ARM.Collect$$rtexit$$00000003
    rtexit2.o(.ARM.exidx) refers to rtexit2.o(.ARM.Collect$$rtexit$$00000004) for .ARM.Collect$$rtexit$$00000004
    __raise.o(.text) refers to defsig.o(CL$$defsig) for __default_signal_handler
    defsig_general.o(.text) refers to sys_wrch.o(.text) for _ttywrch
    sys_wrch.o(.text) refers (Special) to use_no_semi.o(.text) for __I$use$semihosting
    sys_wrch.o(.text) refers (Special) to indicate_semi.o(.text) for __semihosting_library_function
    defsig.o(CL$$defsig) refers to defsig_fpe_inner.o(.text) for __rt_SIGFPE_inner
    defsig.o(CL$$defsig) refers to defsig_rtmem_inner.o(.text) for __rt_SIGRTMEM_inner
    _get_argv_nomalloc.o(.text) refers (Special) to hrguard.o(.text) for __heap_region$guard
    _get_argv_nomalloc.o(.text) refers to defsig_rtmem_outer.o(.text) for __rt_SIGRTMEM
    _get_argv_nomalloc.o(.text) refers to sys_command.o(.text) for _sys_command_string
    libshutdown.o(.ARM.Collect$$libshutdown$$00000000) refers (Special) to libshutdown2.o(.ARM.Collect$$libshutdown$$00000004) for __rt_lib_shutdown_cpp_1
    libshutdown.o(.ARM.Collect$$libshutdown$$00000000) refers (Special) to libshutdown2.o(.ARM.Collect$$libshutdown$$00000002) for __rt_lib_shutdown_fini_1
    libshutdown.o(.ARM.Collect$$libshutdown$$00000000) refers (Special) to libshutdown2.o(.ARM.Collect$$libshutdown$$00000009) for __rt_lib_shutdown_fp_trap_1
    libshutdown.o(.ARM.Collect$$libshutdown$$00000000) refers (Special) to libshutdown2.o(.ARM.Collect$$libshutdown$$00000011) for __rt_lib_shutdown_heap_1
    libshutdown.o(.ARM.Collect$$libshutdown$$00000000) refers (Special) to libshutdown2.o(.ARM.Collect$$libshutdown$$00000012) for __rt_lib_shutdown_return
    libshutdown.o(.ARM.Collect$$libshutdown$$00000000) refers (Special) to libshutdown2.o(.ARM.Collect$$libshutdown$$0000000C) for __rt_lib_shutdown_signal_1
    libshutdown.o(.ARM.Collect$$libshutdown$$00000000) refers (Special) to libshutdown2.o(.ARM.Collect$$libshutdown$$00000006) for __rt_lib_shutdown_stdio_1
    libshutdown.o(.ARM.Collect$$libshutdown$$00000000) refers (Special) to libshutdown2.o(.ARM.Collect$$libshutdown$$0000000E) for __rt_lib_shutdown_user_alloc_1
    sys_command.o(.text) refers (Special) to use_no_semi.o(.text) for __I$use$semihosting
    sys_command.o(.text) refers (Special) to indicate_semi.o(.text) for __semihosting_library_function
    defsig_abrt_inner.o(.text) refers to defsig_general.o(.text) for __default_signal_display
    defsig_rtred_inner.o(.text) refers to defsig_general.o(.text) for __default_signal_display
    defsig_rtmem_inner.o(.text) refers to defsig_general.o(.text) for __default_signal_display
    defsig_rtmem_outer.o(.text) refers to defsig_rtmem_inner.o(.text) for __rt_SIGRTMEM_inner
    defsig_rtmem_outer.o(.text) refers to defsig_exit.o(.text) for __sig_exit
    defsig_rtmem_formal.o(.text) refers to rt_raise.o(.text) for __rt_raise
    defsig_stak_inner.o(.text) refers to defsig_general.o(.text) for __default_signal_display
    defsig_pvfn_inner.o(.text) refers to defsig_general.o(.text) for __default_signal_display
    defsig_cppl_inner.o(.text) refers to defsig_general.o(.text) for __default_signal_display
    defsig_segv_inner.o(.text) refers to defsig_general.o(.text) for __default_signal_display
    defsig_other.o(.text) refers to defsig_general.o(.text) for __default_signal_display


==============================================================================

Removing Unused input sections from the image.

    Removing main.o(.rev16_text), (4 bytes).
    Removing main.o(.revsh_text), (4 bytes).
    Removing tpm.o(.rev16_text), (4 bytes).
    Removing tpm.o(.revsh_text), (4 bytes).
    Removing trigger.o(.rev16_text), (4 bytes).
    Removing trigger.o(.revsh_text), (4 bytes).
    Removing wheels.o(.rev16_text), (4 bytes).
    Removing wheels.o(.revsh_text), (4 bytes).
    Removing wheels.o(i.back), (28 bytes).
    Removing i2c.o(.rev16_text), (4 bytes).
    Removing i2c.o(.revsh_text), (4 bytes).
    Removing i2c.o(i.I2C_Ping), (52 bytes).
    Removing i2c.o(i.i2c_m_rstart), (20 bytes).
    Removing lcd1602.o(.rev16_text), (4 bytes).
    Removing lcd1602.o(.revsh_text), (4 bytes).
    Removing lcd1602.o(i.LCD1602_Backlight), (20 bytes).
    Removing system_mkl05z4.o(.rev16_text), (4 bytes).
    Removing system_mkl05z4.o(.revsh_text), (4 bytes).
    Removing system_mkl05z4.o(i.SystemCoreClockUpdate), (280 bytes).
    Removing system_mkl05z4.o(.data), (4 bytes).
    Removing system_mkl05z4.o(i.__ARM_common_switch8), (28 bytes).

21 unused section(s) (total 488 bytes) removed from the image.

==============================================================================

Image Symbol Table

    Local Symbols

    Symbol Name                              Value     Ov Type        Size  Object(Section)

    RESET                                    0x00000000   Section      192  startup_mkl05z4.o(RESET)
    ../clib/angel/boardlib.s                 0x00000000   Number         0  boardinit3.o ABSOLUTE
    ../clib/angel/boardlib.s                 0x00000000   Number         0  boardinit2.o ABSOLUTE
    ../clib/angel/boardlib.s                 0x00000000   Number         0  boardinit1.o ABSOLUTE
    ../clib/angel/boardlib.s                 0x00000000   Number         0  boardshut.o ABSOLUTE
    ../clib/angel/handlers.s                 0x00000000   Number         0  __scatter_copy.o ABSOLUTE
    ../clib/angel/handlers.s                 0x00000000   Number         0  __scatter_zi.o ABSOLUTE
    ../clib/angel/kernel.s                   0x00000000   Number         0  __rtentry.o ABSOLUTE
    ../clib/angel/kernel.s                   0x00000000   Number         0  __rtentry4.o ABSOLUTE
    ../clib/angel/kernel.s                   0x00000000   Number         0  rtexit2.o ABSOLUTE
    ../clib/angel/kernel.s                   0x00000000   Number         0  rtexit.o ABSOLUTE
    ../clib/angel/kernel.s                   0x00000000   Number         0  __rtentry2.o ABSOLUTE
    ../clib/angel/rt.s                       0x00000000   Number         0  aeabi_idiv0_sigfpe.o ABSOLUTE
    ../clib/angel/rt.s                       0x00000000   Number         0  rt_div0.o ABSOLUTE
    ../clib/angel/rt.s                       0x00000000   Number         0  rt_raise.o ABSOLUTE
    ../clib/angel/rt.s                       0x00000000   Number         0  aeabi_idiv0.o ABSOLUTE
    ../clib/angel/scatterp.s                 0x00000000   Number         0  __scatter.o ABSOLUTE
    ../clib/angel/startup.s                  0x00000000   Number         0  __main.o ABSOLUTE
    ../clib/angel/sys.s                      0x00000000   Number         0  sys_stackheap_outer.o ABSOLUTE
    ../clib/angel/sys.s                      0x00000000   Number         0  libspace.o ABSOLUTE
    ../clib/angel/sys.s                      0x00000000   Number         0  tempstk.o ABSOLUTE
    ../clib/angel/sys.s                      0x00000000   Number         0  indicate_semi.o ABSOLUTE
    ../clib/angel/sys.s                      0x00000000   Number         0  use_no_semi.o ABSOLUTE
    ../clib/angel/sysapp.c                   0x00000000   Number         0  sys_wrch.o ABSOLUTE
    ../clib/angel/sysapp.c                   0x00000000   Number         0  sys_exit.o ABSOLUTE
    ../clib/angel/sysapp.c                   0x00000000   Number         0  sys_command.o ABSOLUTE
    ../clib/armsys.c                         0x00000000   Number         0  no_argv.o ABSOLUTE
    ../clib/armsys.c                         0x00000000   Number         0  _get_argv_nomalloc.o ABSOLUTE
    ../clib/armsys.c                         0x00000000   Number         0  argv_veneer.o ABSOLUTE
    ../clib/division.s                       0x00000000   Number         0  aeabi_sdiv.o ABSOLUTE
    ../clib/division.s                       0x00000000   Number         0  aeabi_sdiv_div0.o ABSOLUTE
    ../clib/heapalloc.c                      0x00000000   Number         0  hrguard.o ABSOLUTE
    ../clib/heapaux.c                        0x00000000   Number         0  heapauxi.o ABSOLUTE
    ../clib/libinit.s                        0x00000000   Number         0  libshutdown2.o ABSOLUTE
    ../clib/libinit.s                        0x00000000   Number         0  libshutdown.o ABSOLUTE
    ../clib/libinit.s                        0x00000000   Number         0  libinit2.o ABSOLUTE
    ../clib/libinit.s                        0x00000000   Number         0  libinit.o ABSOLUTE
    ../clib/signal.c                         0x00000000   Number         0  defsig_segv_inner.o ABSOLUTE
    ../clib/signal.c                         0x00000000   Number         0  defsig_cppl_inner.o ABSOLUTE
    ../clib/signal.c                         0x00000000   Number         0  defsig_pvfn_inner.o ABSOLUTE
    ../clib/signal.c                         0x00000000   Number         0  defsig_exit.o ABSOLUTE
    ../clib/signal.c                         0x00000000   Number         0  defsig_rtmem_formal.o ABSOLUTE
    ../clib/signal.c                         0x00000000   Number         0  defsig_rtmem_outer.o ABSOLUTE
    ../clib/signal.c                         0x00000000   Number         0  defsig_rtmem_inner.o ABSOLUTE
    ../clib/signal.c                         0x00000000   Number         0  defsig_rtred_inner.o ABSOLUTE
    ../clib/signal.c                         0x00000000   Number         0  defsig_abrt_inner.o ABSOLUTE
    ../clib/signal.c                         0x00000000   Number         0  defsig_fpe_formal.o ABSOLUTE
    ../clib/signal.c                         0x00000000   Number         0  defsig_fpe_outer.o ABSOLUTE
    ../clib/signal.c                         0x00000000   Number         0  defsig_stak_inner.o ABSOLUTE
    ../clib/signal.c                         0x00000000   Number         0  defsig_general.o ABSOLUTE
    ../clib/signal.c                         0x00000000   Number         0  __raise.o ABSOLUTE
    ../clib/signal.c                         0x00000000   Number         0  defsig_fpe_inner.o ABSOLUTE
    ../clib/signal.c                         0x00000000   Number         0  defsig_other.o ABSOLUTE
    ../clib/signal.s                         0x00000000   Number         0  defsig.o ABSOLUTE
    ../clib/stdlib.c                         0x00000000   Number         0  exit.o ABSOLUTE
    ../fplib/cfplib/fpinit.c                 0x00000000   Number         0  fpinit.o ABSOLUTE
    ..\PROJEKT - POMIAR\i2c.c                0x00000000   Number         0  i2c.o ABSOLUTE
    ..\PROJEKT - POMIAR\lcd1602.c            0x00000000   Number         0  lcd1602.o ABSOLUTE
    ..\\PROJEKT - POMIAR\\i2c.c              0x00000000   Number         0  i2c.o ABSOLUTE
    ..\\PROJEKT - POMIAR\\lcd1602.c          0x00000000   Number         0  lcd1602.o ABSOLUTE
    RTE\Device\MKL05Z32xxx4\startup_MKL05Z4.s 0x00000000   Number         0  startup_mkl05z4.o ABSOLUTE
    RTE\Device\MKL05Z32xxx4\system_MKL05Z4.c 0x00000000   Number         0  system_mkl05z4.o ABSOLUTE
    RTE\\Device\\MKL05Z32xxx4\\system_MKL05Z4.c 0x00000000   Number         0  system_mkl05z4.o ABSOLUTE
    dc.s                                     0x00000000   Number         0  dc.o ABSOLUTE
    main.c                                   0x00000000   Number         0  main.o ABSOLUTE
    main.c                                   0x00000000   Number         0  main.o ABSOLUTE
    tpm.c                                    0x00000000   Number         0  tpm.o ABSOLUTE
    tpm.c                                    0x00000000   Number         0  tpm.o ABSOLUTE
    trigger.c                                0x00000000   Number         0  trigger.o ABSOLUTE
    trigger.c                                0x00000000   Number         0  trigger.o ABSOLUTE
    wheels.c                                 0x00000000   Number         0  wheels.o ABSOLUTE
    wheels.c                                 0x00000000   Number         0  wheels.o ABSOLUTE
    !!!main                                  0x000000c0   Section        8  __main.o(!!!main)
    !!!scatter                               0x000000c8   Section       60  __scatter.o(!!!scatter)
    !!handler_copy                           0x00000104   Section       26  __scatter_copy.o(!!handler_copy)
    !!handler_zi                             0x00000120   Section       28  __scatter_zi.o(!!handler_zi)
    .ARM.Collect$$libinit$$00000000          0x0000013c   Section        2  libinit.o(.ARM.Collect$$libinit$$00000000)
    .ARM.Collect$$libinit$$00000002          0x0000013e   Section        0  libinit2.o(.ARM.Collect$$libinit$$00000002)
    .ARM.Collect$$libinit$$00000004          0x0000013e   Section        0  libinit2.o(.ARM.Collect$$libinit$$00000004)
    .ARM.Collect$$libinit$$0000000A          0x0000013e   Section        0  libinit2.o(.ARM.Collect$$libinit$$0000000A)
    .ARM.Collect$$libinit$$0000000C          0x0000013e   Section        0  libinit2.o(.ARM.Collect$$libinit$$0000000C)
    .ARM.Collect$$libinit$$0000000E          0x0000013e   Section        0  libinit2.o(.ARM.Collect$$libinit$$0000000E)
    .ARM.Collect$$libinit$$00000011          0x0000013e   Section        0  libinit2.o(.ARM.Collect$$libinit$$00000011)
    .ARM.Collect$$libinit$$00000013          0x0000013e   Section        0  libinit2.o(.ARM.Collect$$libinit$$00000013)
    .ARM.Collect$$libinit$$00000015          0x0000013e   Section        0  libinit2.o(.ARM.Collect$$libinit$$00000015)
    .ARM.Collect$$libinit$$00000017          0x0000013e   Section        0  libinit2.o(.ARM.Collect$$libinit$$00000017)
    .ARM.Collect$$libinit$$00000019          0x0000013e   Section        0  libinit2.o(.ARM.Collect$$libinit$$00000019)
    .ARM.Collect$$libinit$$0000001B          0x0000013e   Section        0  libinit2.o(.ARM.Collect$$libinit$$0000001B)
    .ARM.Collect$$libinit$$0000001D          0x0000013e   Section        0  libinit2.o(.ARM.Collect$$libinit$$0000001D)
    .ARM.Collect$$libinit$$0000001F          0x0000013e   Section        0  libinit2.o(.ARM.Collect$$libinit$$0000001F)
    .ARM.Collect$$libinit$$00000021          0x0000013e   Section        0  libinit2.o(.ARM.Collect$$libinit$$00000021)
    .ARM.Collect$$libinit$$00000023          0x0000013e   Section        0  libinit2.o(.ARM.Collect$$libinit$$00000023)
    .ARM.Collect$$libinit$$00000025          0x0000013e   Section        0  libinit2.o(.ARM.Collect$$libinit$$00000025)
    .ARM.Collect$$libinit$$0000002C          0x0000013e   Section        0  libinit2.o(.ARM.Collect$$libinit$$0000002C)
    .ARM.Collect$$libinit$$0000002E          0x0000013e   Section        0  libinit2.o(.ARM.Collect$$libinit$$0000002E)
    .ARM.Collect$$libinit$$00000030          0x0000013e   Section        0  libinit2.o(.ARM.Collect$$libinit$$00000030)
    .ARM.Collect$$libinit$$00000032          0x0000013e   Section        0  libinit2.o(.ARM.Collect$$libinit$$00000032)
    .ARM.Collect$$libinit$$00000033          0x0000013e   Section        2  libinit2.o(.ARM.Collect$$libinit$$00000033)
    .ARM.Collect$$libshutdown$$00000000      0x00000140   Section        2  libshutdown.o(.ARM.Collect$$libshutdown$$00000000)
    .ARM.Collect$$libshutdown$$00000002      0x00000142   Section        0  libshutdown2.o(.ARM.Collect$$libshutdown$$00000002)
    .ARM.Collect$$libshutdown$$00000004      0x00000142   Section        0  libshutdown2.o(.ARM.Collect$$libshutdown$$00000004)
    .ARM.Collect$$libshutdown$$00000006      0x00000142   Section        0  libshutdown2.o(.ARM.Collect$$libshutdown$$00000006)
    .ARM.Collect$$libshutdown$$00000009      0x00000142   Section        0  libshutdown2.o(.ARM.Collect$$libshutdown$$00000009)
    .ARM.Collect$$libshutdown$$0000000C      0x00000142   Section        0  libshutdown2.o(.ARM.Collect$$libshutdown$$0000000C)
    .ARM.Collect$$libshutdown$$0000000E      0x00000142   Section        0  libshutdown2.o(.ARM.Collect$$libshutdown$$0000000E)
    .ARM.Collect$$libshutdown$$00000011      0x00000142   Section        0  libshutdown2.o(.ARM.Collect$$libshutdown$$00000011)
    .ARM.Collect$$libshutdown$$00000012      0x00000142   Section        2  libshutdown2.o(.ARM.Collect$$libshutdown$$00000012)
    .ARM.Collect$$rtentry$$00000000          0x00000144   Section        0  __rtentry.o(.ARM.Collect$$rtentry$$00000000)
    .ARM.Collect$$rtentry$$00000002          0x00000144   Section        0  __rtentry2.o(.ARM.Collect$$rtentry$$00000002)
    .ARM.Collect$$rtentry$$00000004          0x00000144   Section        6  __rtentry4.o(.ARM.Collect$$rtentry$$00000004)
    .ARM.Collect$$rtentry$$00000009          0x0000014a   Section        0  __rtentry2.o(.ARM.Collect$$rtentry$$00000009)
    .ARM.Collect$$rtentry$$0000000A          0x0000014a   Section        4  __rtentry2.o(.ARM.Collect$$rtentry$$0000000A)
    .ARM.Collect$$rtentry$$0000000C          0x0000014e   Section        0  __rtentry2.o(.ARM.Collect$$rtentry$$0000000C)
    .ARM.Collect$$rtentry$$0000000D          0x0000014e   Section        8  __rtentry2.o(.ARM.Collect$$rtentry$$0000000D)
    .ARM.Collect$$rtexit$$00000000           0x00000156   Section        2  rtexit.o(.ARM.Collect$$rtexit$$00000000)
    .ARM.Collect$$rtexit$$00000002           0x00000158   Section        0  rtexit2.o(.ARM.Collect$$rtexit$$00000002)
    .ARM.Collect$$rtexit$$00000003           0x00000158   Section        4  rtexit2.o(.ARM.Collect$$rtexit$$00000003)
    .ARM.Collect$$rtexit$$00000004           0x0000015c   Section        6  rtexit2.o(.ARM.Collect$$rtexit$$00000004)
    .text                                    0x00000164   Section       52  startup_mkl05z4.o(.text)
    .text                                    0x00000198   Section      346  aeabi_sdiv.o(.text)
    .text                                    0x000002f2   Section        0  heapauxi.o(.text)
    .text                                    0x000002f8   Section       62  sys_stackheap_outer.o(.text)
    .text                                    0x00000336   Section        0  exit.o(.text)
    .text                                    0x00000348   Section        8  libspace.o(.text)
    .text                                    0x00000350   Section        0  sys_exit.o(.text)
    .text                                    0x0000035c   Section        2  use_no_semi.o(.text)
    .text                                    0x0000035e   Section        0  indicate_semi.o(.text)
    i.I2C_Init                               0x00000360   Section        0  i2c.o(i.I2C_Init)
    i.LCD1602_ClearAll                       0x000003c4   Section        0  lcd1602.o(i.LCD1602_ClearAll)
    i.LCD1602_Print                          0x000003d0   Section        0  lcd1602.o(i.LCD1602_Print)
    i.TPM0_GetVal                            0x000003ec   Section        0  tpm.o(i.TPM0_GetVal)
    .ARM.__at_0x400                          0x00000400   Section       16  startup_mkl05z4.o(.ARM.__at_0x400)
    i.I2C_Write                              0x00000410   Section        0  i2c.o(i.I2C_Write)
    i.LCD1602_CheckAddress                   0x00000450   Section        0  lcd1602.o(i.LCD1602_CheckAddress)
    i.LCD1602_Init                           0x00000490   Section        0  lcd1602.o(i.LCD1602_Init)
    i.LCD1602_PrintNum                       0x000004e0   Section        0  lcd1602.o(i.LCD1602_PrintNum)
    i.LCD1602_SetCursor                      0x00000508   Section        0  lcd1602.o(i.LCD1602_SetCursor)
    i.LCD1602_Write4                         0x00000528   Section        0  lcd1602.o(i.LCD1602_Write4)
    i.LCD1602_Write8                         0x00000578   Section        0  lcd1602.o(i.LCD1602_Write8)
    i.PCF8574_Write                          0x00000594   Section        0  lcd1602.o(i.PCF8574_Write)
    i.SysTick_Handler                        0x000005bc   Section        0  main.o(i.SysTick_Handler)
    i.SystemInit                             0x000005d8   Section        0  system_mkl05z4.o(i.SystemInit)
    i.TPM0_IRQHandler                        0x00000634   Section        0  tpm.o(i.TPM0_IRQHandler)
    i.TPM0_Init_InputCapture                 0x0000067c   Section        0  tpm.o(i.TPM0_Init_InputCapture)
    i.TPM1_GetVal                            0x00000720   Section        0  tpm.o(i.TPM1_GetVal)
    i.TPM1_IRQHandler                        0x0000072c   Section        0  tpm.o(i.TPM1_IRQHandler)
    i.TPM1_Init_InputCapture                 0x00000774   Section        0  tpm.o(i.TPM1_Init_InputCapture)
    i.__NVIC_ClearPendingIRQ                 0x00000818   Section        0  tpm.o(i.__NVIC_ClearPendingIRQ)
    __NVIC_ClearPendingIRQ                   0x00000819   Thumb Code    18  tpm.o(i.__NVIC_ClearPendingIRQ)
    i.__NVIC_EnableIRQ                       0x00000830   Section        0  tpm.o(i.__NVIC_EnableIRQ)
    __NVIC_EnableIRQ                         0x00000831   Thumb Code    26  tpm.o(i.__NVIC_EnableIRQ)
    i.__NVIC_SetPriority                     0x00000850   Section        0  main.o(i.__NVIC_SetPriority)
    __NVIC_SetPriority                       0x00000851   Thumb Code   110  main.o(i.__NVIC_SetPriority)
    i.__NVIC_SetPriority                     0x000008c8   Section        0  tpm.o(i.__NVIC_SetPriority)
    __NVIC_SetPriority                       0x000008c9   Thumb Code   110  tpm.o(i.__NVIC_SetPriority)
    i.clear                                  0x00000940   Section        0  wheels.o(i.clear)
    i.forward                                0x00000950   Section        0  wheels.o(i.forward)
    i.getNewDist0                            0x0000098c   Section        0  tpm.o(i.getNewDist0)
    i.getNewDist1                            0x00000998   Section        0  tpm.o(i.getNewDist1)
    i.get_distance                           0x000009a4   Section        0  main.o(i.get_distance)
    i.i2c_clr_IICIF                          0x000009b8   Section        0  i2c.o(i.i2c_clr_IICIF)
    i.i2c_disable                            0x000009cc   Section        0  i2c.o(i.i2c_disable)
    i.i2c_enable                             0x000009e0   Section        0  i2c.o(i.i2c_enable)
    i.i2c_m_start                            0x000009f4   Section        0  i2c.o(i.i2c_m_start)
    i.i2c_m_stop                             0x00000a08   Section        0  i2c.o(i.i2c_m_stop)
    i.i2c_send                               0x00000a1c   Section        0  i2c.o(i.i2c_send)
    i.i2c_tran                               0x00000a28   Section        0  i2c.o(i.i2c_tran)
    i.i2c_wait                               0x00000a3c   Section        0  i2c.o(i.i2c_wait)
    i.itoa                                   0x00000ab8   Section        0  lcd1602.o(i.itoa)
    i.lcd_static                             0x00000b24   Section        0  main.o(i.lcd_static)
    i.lcd_update                             0x00000b64   Section        0  main.o(i.lcd_update)
    i.main                                   0x00000b90   Section        0  main.o(i.main)
    i.resetNewDist0                          0x00000d3c   Section        0  tpm.o(i.resetNewDist0)
    i.resetNewDist1                          0x00000d48   Section        0  tpm.o(i.resetNewDist1)
    i.trig_init                              0x00000d54   Section        0  trigger.o(i.trig_init)
    i.trigger                                0x00000dac   Section        0  trigger.o(i.trigger)
    i.turn_left                              0x00000e0c   Section        0  wheels.o(i.turn_left)
    i.turn_right                             0x00000e28   Section        0  wheels.o(i.turn_right)
    i.wheels_init                            0x00000e40   Section        0  wheels.o(i.wheels_init)
    .data                                    0x1ffffc00   Section       40  main.o(.data)
    msTicks                                  0x1ffffc00   Data           4  main.o(.data)
    newTick                                  0x1ffffc04   Data           1  main.o(.data)
    .data                                    0x1ffffc28   Section       20  tpm.o(.data)
    tpm1Diff                                 0x1ffffc28   Data           2  tpm.o(.data)
    tpm1New                                  0x1ffffc2a   Data           2  tpm.o(.data)
    tpm1Old                                  0x1ffffc2c   Data           2  tpm.o(.data)
    tpm0Diff                                 0x1ffffc2e   Data           2  tpm.o(.data)
    tpm0New                                  0x1ffffc30   Data           2  tpm.o(.data)
    tpm0Old                                  0x1ffffc32   Data           2  tpm.o(.data)
    .data                                    0x1ffffc3c   Section        4  wheels.o(.data)
    .data                                    0x1ffffc40   Section        4  i2c.o(.data)
    error                                    0x1ffffc40   Data           1  i2c.o(.data)
    timeout                                  0x1ffffc42   Data           2  i2c.o(.data)
    .data                                    0x1ffffc44   Section        2  lcd1602.o(.data)
    lcd_backlight                            0x1ffffc44   Data           1  lcd1602.o(.data)
    pcf_address                              0x1ffffc45   Data           1  lcd1602.o(.data)
    .bss                                     0x1ffffc48   Section       96  libspace.o(.bss)
    HEAP                                     0x1ffffca8   Section        0  startup_mkl05z4.o(HEAP)
    STACK                                    0x1ffffca8   Section      256  startup_mkl05z4.o(STACK)
    Heap_Mem                                 0x1ffffca8   Data           0  startup_mkl05z4.o(HEAP)
    Stack_Mem                                0x1ffffca8   Data         256  startup_mkl05z4.o(STACK)
    __initial_sp                             0x1ffffda8   Data           0  startup_mkl05z4.o(STACK)

    Global Symbols

    Symbol Name                              Value     Ov Type        Size  Object(Section)

    BuildAttributes$$THM_ISAv3M$S$PE$A:L22$X:L11$S22$IEEE1$IW$USESV6$~STKCKD$USESV7$~SHL$OSPACE$ROPI$EBA8$UX$STANDARDLIB$REQ8$PRES8$EABIv2 0x00000000   Number         0  anon$$obj.o ABSOLUTE
    __ARM_use_no_argv                        0x00000000   Number         0  main.o ABSOLUTE
    __Vectors                                0x00000000   Data           4  startup_mkl05z4.o(RESET)
    __ARM_exceptions_init                     - Undefined Weak Reference
    __alloca_initialize                       - Undefined Weak Reference
    __arm_fini_                               - Undefined Weak Reference
    __arm_preinit_                            - Undefined Weak Reference
    __cpp_initialize__aeabi_                  - Undefined Weak Reference
    __cxa_finalize                            - Undefined Weak Reference
    __rt_locale                               - Undefined Weak Reference
    __sigvec_lookup                           - Undefined Weak Reference
    _atexit_init                              - Undefined Weak Reference
    _call_atexit_fns                          - Undefined Weak Reference
    _clock_init                               - Undefined Weak Reference
    _fp_trap_init                             - Undefined Weak Reference
    _fp_trap_shutdown                         - Undefined Weak Reference
    _get_lc_collate                           - Undefined Weak Reference
    _get_lc_ctype                             - Undefined Weak Reference
    _get_lc_monetary                          - Undefined Weak Reference
    _get_lc_numeric                           - Undefined Weak Reference
    _get_lc_time                              - Undefined Weak Reference
    _getenv_init                              - Undefined Weak Reference
    _handle_redirection                       - Undefined Weak Reference
    _init_alloc                               - Undefined Weak Reference
    _init_user_alloc                          - Undefined Weak Reference
    _initio                                   - Undefined Weak Reference
    _rand_init                                - Undefined Weak Reference
    _signal_finish                            - Undefined Weak Reference
    _signal_init                              - Undefined Weak Reference
    _terminate_alloc                          - Undefined Weak Reference
    _terminate_user_alloc                     - Undefined Weak Reference
    _terminateio                              - Undefined Weak Reference
    __Vectors_End                            0x000000c0   Data           0  startup_mkl05z4.o(RESET)
    __Vectors_Size                           0x000000c0   Number         0  startup_mkl05z4.o ABSOLUTE
    __main                                   0x000000c1   Thumb Code     8  __main.o(!!!main)
    __scatterload                            0x000000c9   Thumb Code     0  __scatter.o(!!!scatter)
    __scatterload_rt2                        0x000000c9   Thumb Code    52  __scatter.o(!!!scatter)
    __scatterload_rt2_thumb_only             0x000000c9   Thumb Code     0  __scatter.o(!!!scatter)
    __scatterload_null                       0x000000d9   Thumb Code     0  __scatter.o(!!!scatter)
    __scatterload_copy                       0x00000105   Thumb Code    26  __scatter_copy.o(!!handler_copy)
    __scatterload_zeroinit                   0x00000121   Thumb Code    28  __scatter_zi.o(!!handler_zi)
    __rt_lib_init                            0x0000013d   Thumb Code     0  libinit.o(.ARM.Collect$$libinit$$00000000)
    __rt_lib_init_alloca_1                   0x0000013f   Thumb Code     0  libinit2.o(.ARM.Collect$$libinit$$0000002E)
    __rt_lib_init_argv_1                     0x0000013f   Thumb Code     0  libinit2.o(.ARM.Collect$$libinit$$0000002C)
    __rt_lib_init_atexit_1                   0x0000013f   Thumb Code     0  libinit2.o(.ARM.Collect$$libinit$$0000001B)
    __rt_lib_init_clock_1                    0x0000013f   Thumb Code     0  libinit2.o(.ARM.Collect$$libinit$$00000021)
    __rt_lib_init_cpp_1                      0x0000013f   Thumb Code     0  libinit2.o(.ARM.Collect$$libinit$$00000032)
    __rt_lib_init_exceptions_1               0x0000013f   Thumb Code     0  libinit2.o(.ARM.Collect$$libinit$$00000030)
    __rt_lib_init_fp_1                       0x0000013f   Thumb Code     0  libinit2.o(.ARM.Collect$$libinit$$00000002)
    __rt_lib_init_fp_trap_1                  0x0000013f   Thumb Code     0  libinit2.o(.ARM.Collect$$libinit$$0000001F)
    __rt_lib_init_getenv_1                   0x0000013f   Thumb Code     0  libinit2.o(.ARM.Collect$$libinit$$00000023)
    __rt_lib_init_heap_1                     0x0000013f   Thumb Code     0  libinit2.o(.ARM.Collect$$libinit$$0000000A)
    __rt_lib_init_lc_collate_1               0x0000013f   Thumb Code     0  libinit2.o(.ARM.Collect$$libinit$$00000011)
    __rt_lib_init_lc_ctype_1                 0x0000013f   Thumb Code     0  libinit2.o(.ARM.Collect$$libinit$$00000013)
    __rt_lib_init_lc_monetary_1              0x0000013f   Thumb Code     0  libinit2.o(.ARM.Collect$$libinit$$00000015)
    __rt_lib_init_lc_numeric_1               0x0000013f   Thumb Code     0  libinit2.o(.ARM.Collect$$libinit$$00000017)
    __rt_lib_init_lc_time_1                  0x0000013f   Thumb Code     0  libinit2.o(.ARM.Collect$$libinit$$00000019)
    __rt_lib_init_preinit_1                  0x0000013f   Thumb Code     0  libinit2.o(.ARM.Collect$$libinit$$00000004)
    __rt_lib_init_rand_1                     0x0000013f   Thumb Code     0  libinit2.o(.ARM.Collect$$libinit$$0000000E)
    __rt_lib_init_return                     0x0000013f   Thumb Code     0  libinit2.o(.ARM.Collect$$libinit$$00000033)
    __rt_lib_init_signal_1                   0x0000013f   Thumb Code     0  libinit2.o(.ARM.Collect$$libinit$$0000001D)
    __rt_lib_init_stdio_1                    0x0000013f   Thumb Code     0  libinit2.o(.ARM.Collect$$libinit$$00000025)
    __rt_lib_init_user_alloc_1               0x0000013f   Thumb Code     0  libinit2.o(.ARM.Collect$$libinit$$0000000C)
    __rt_lib_shutdown                        0x00000141   Thumb Code     0  libshutdown.o(.ARM.Collect$$libshutdown$$00000000)
    __rt_lib_shutdown_cpp_1                  0x00000143   Thumb Code     0  libshutdown2.o(.ARM.Collect$$libshutdown$$00000004)
    __rt_lib_shutdown_fini_1                 0x00000143   Thumb Code     0  libshutdown2.o(.ARM.Collect$$libshutdown$$00000002)
    __rt_lib_shutdown_fp_trap_1              0x00000143   Thumb Code     0  libshutdown2.o(.ARM.Collect$$libshutdown$$00000009)
    __rt_lib_shutdown_heap_1                 0x00000143   Thumb Code     0  libshutdown2.o(.ARM.Collect$$libshutdown$$00000011)
    __rt_lib_shutdown_return                 0x00000143   Thumb Code     0  libshutdown2.o(.ARM.Collect$$libshutdown$$00000012)
    __rt_lib_shutdown_signal_1               0x00000143   Thumb Code     0  libshutdown2.o(.ARM.Collect$$libshutdown$$0000000C)
    __rt_lib_shutdown_stdio_1                0x00000143   Thumb Code     0  libshutdown2.o(.ARM.Collect$$libshutdown$$00000006)
    __rt_lib_shutdown_user_alloc_1           0x00000143   Thumb Code     0  libshutdown2.o(.ARM.Collect$$libshutdown$$0000000E)
    __rt_entry                               0x00000145   Thumb Code     0  __rtentry.o(.ARM.Collect$$rtentry$$00000000)
    __rt_entry_presh_1                       0x00000145   Thumb Code     0  __rtentry2.o(.ARM.Collect$$rtentry$$00000002)
    __rt_entry_sh                            0x00000145   Thumb Code     0  __rtentry4.o(.ARM.Collect$$rtentry$$00000004)
    __rt_entry_li                            0x0000014b   Thumb Code     0  __rtentry2.o(.ARM.Collect$$rtentry$$0000000A)
    __rt_entry_postsh_1                      0x0000014b   Thumb Code     0  __rtentry2.o(.ARM.Collect$$rtentry$$00000009)
    __rt_entry_main                          0x0000014f   Thumb Code     0  __rtentry2.o(.ARM.Collect$$rtentry$$0000000D)
    __rt_entry_postli_1                      0x0000014f   Thumb Code     0  __rtentry2.o(.ARM.Collect$$rtentry$$0000000C)
    __rt_exit                                0x00000157   Thumb Code     0  rtexit.o(.ARM.Collect$$rtexit$$00000000)
    __rt_exit_ls                             0x00000159   Thumb Code     0  rtexit2.o(.ARM.Collect$$rtexit$$00000003)
    __rt_exit_prels_1                        0x00000159   Thumb Code     0  rtexit2.o(.ARM.Collect$$rtexit$$00000002)
    __rt_exit_exit                           0x0000015d   Thumb Code     0  rtexit2.o(.ARM.Collect$$rtexit$$00000004)
    Reset_Handler                            0x00000165   Thumb Code     8  startup_mkl05z4.o(.text)
    NMI_Handler                              0x0000016d   Thumb Code     2  startup_mkl05z4.o(.text)
    HardFault_Handler                        0x0000016f   Thumb Code     2  startup_mkl05z4.o(.text)
    SVC_Handler                              0x00000171   Thumb Code     2  startup_mkl05z4.o(.text)
    PendSV_Handler                           0x00000173   Thumb Code     2  startup_mkl05z4.o(.text)
    ADC0_IRQHandler                          0x00000177   Thumb Code     0  startup_mkl05z4.o(.text)
    CMP0_IRQHandler                          0x00000177   Thumb Code     0  startup_mkl05z4.o(.text)
    DAC0_IRQHandler                          0x00000177   Thumb Code     0  startup_mkl05z4.o(.text)
    DMA0_IRQHandler                          0x00000177   Thumb Code     0  startup_mkl05z4.o(.text)
    DMA1_IRQHandler                          0x00000177   Thumb Code     0  startup_mkl05z4.o(.text)
    DMA2_IRQHandler                          0x00000177   Thumb Code     0  startup_mkl05z4.o(.text)
    DMA3_IRQHandler                          0x00000177   Thumb Code     0  startup_mkl05z4.o(.text)
    DefaultISR                               0x00000177   Thumb Code     0  startup_mkl05z4.o(.text)
    FTFA_IRQHandler                          0x00000177   Thumb Code     0  startup_mkl05z4.o(.text)
    I2C0_IRQHandler                          0x00000177   Thumb Code     0  startup_mkl05z4.o(.text)
    LLW_IRQHandler                           0x00000177   Thumb Code     0  startup_mkl05z4.o(.text)
    LPTimer_IRQHandler                       0x00000177   Thumb Code     0  startup_mkl05z4.o(.text)
    LVD_LVW_IRQHandler                       0x00000177   Thumb Code     0  startup_mkl05z4.o(.text)
    MCG_IRQHandler                           0x00000177   Thumb Code     0  startup_mkl05z4.o(.text)
    PIT_IRQHandler                           0x00000177   Thumb Code     0  startup_mkl05z4.o(.text)
    PORTA_IRQHandler                         0x00000177   Thumb Code     0  startup_mkl05z4.o(.text)
    PORTB_IRQHandler                         0x00000177   Thumb Code     0  startup_mkl05z4.o(.text)
    RTC_IRQHandler                           0x00000177   Thumb Code     0  startup_mkl05z4.o(.text)
    RTC_Seconds_IRQHandler                   0x00000177   Thumb Code     0  startup_mkl05z4.o(.text)
    Reserved20_IRQHandler                    0x00000177   Thumb Code     0  startup_mkl05z4.o(.text)
    Reserved25_IRQHandler                    0x00000177   Thumb Code     0  startup_mkl05z4.o(.text)
    Reserved27_IRQHandler                    0x00000177   Thumb Code     0  startup_mkl05z4.o(.text)
    Reserved29_IRQHandler                    0x00000177   Thumb Code     0  startup_mkl05z4.o(.text)
    Reserved30_IRQHandler                    0x00000177   Thumb Code     0  startup_mkl05z4.o(.text)
    Reserved35_IRQHandler                    0x00000177   Thumb Code     0  startup_mkl05z4.o(.text)
    Reserved39_IRQHandler                    0x00000177   Thumb Code     0  startup_mkl05z4.o(.text)
    Reserved40_IRQHandler                    0x00000177   Thumb Code     0  startup_mkl05z4.o(.text)
    Reserved45_IRQHandler                    0x00000177   Thumb Code     0  startup_mkl05z4.o(.text)
    SPI0_IRQHandler                          0x00000177   Thumb Code     0  startup_mkl05z4.o(.text)
    TSI0_IRQHandler                          0x00000177   Thumb Code     0  startup_mkl05z4.o(.text)
    UART0_IRQHandler                         0x00000177   Thumb Code     0  startup_mkl05z4.o(.text)
    __user_initial_stackheap                 0x00000179   Thumb Code     0  startup_mkl05z4.o(.text)
    __aeabi_uidiv                            0x00000199   Thumb Code     0  aeabi_sdiv.o(.text)
    __aeabi_uidivmod                         0x00000199   Thumb Code    20  aeabi_sdiv.o(.text)
    __aeabi_idiv                             0x000001ad   Thumb Code     0  aeabi_sdiv.o(.text)
    __aeabi_idivmod                          0x000001ad   Thumb Code   326  aeabi_sdiv.o(.text)
    __use_two_region_memory                  0x000002f3   Thumb Code     2  heapauxi.o(.text)
    __rt_heap_escrow$2region                 0x000002f5   Thumb Code     2  heapauxi.o(.text)
    __rt_heap_expand$2region                 0x000002f7   Thumb Code     2  heapauxi.o(.text)
    __user_setup_stackheap                   0x000002f9   Thumb Code    62  sys_stackheap_outer.o(.text)
    exit                                     0x00000337   Thumb Code    16  exit.o(.text)
    __user_libspace                          0x00000349   Thumb Code     8  libspace.o(.text)
    __user_perproc_libspace                  0x00000349   Thumb Code     0  libspace.o(.text)
    __user_perthread_libspace                0x00000349   Thumb Code     0  libspace.o(.text)
    _sys_exit                                0x00000351   Thumb Code     8  sys_exit.o(.text)
    __I$use$semihosting                      0x0000035d   Thumb Code     0  use_no_semi.o(.text)
    __use_no_semihosting_swi                 0x0000035d   Thumb Code     2  use_no_semi.o(.text)
    __semihosting_library_function           0x0000035f   Thumb Code     0  indicate_semi.o(.text)
    I2C_Init                                 0x00000361   Thumb Code    86  i2c.o(i.I2C_Init)
    LCD1602_ClearAll                         0x000003c5   Thumb Code    12  lcd1602.o(i.LCD1602_ClearAll)
    LCD1602_Print                            0x000003d1   Thumb Code    28  lcd1602.o(i.LCD1602_Print)
    TPM0_GetVal                              0x000003ed   Thumb Code     6  tpm.o(i.TPM0_GetVal)
    I2C_Write                                0x00000411   Thumb Code    60  i2c.o(i.I2C_Write)
    LCD1602_CheckAddress                     0x00000451   Thumb Code    58  lcd1602.o(i.LCD1602_CheckAddress)
    LCD1602_Init                             0x00000491   Thumb Code    74  lcd1602.o(i.LCD1602_Init)
    LCD1602_PrintNum                         0x000004e1   Thumb Code    32  lcd1602.o(i.LCD1602_PrintNum)
    LCD1602_SetCursor                        0x00000509   Thumb Code    30  lcd1602.o(i.LCD1602_SetCursor)
    LCD1602_Write4                           0x00000529   Thumb Code    74  lcd1602.o(i.LCD1602_Write4)
    LCD1602_Write8                           0x00000579   Thumb Code    28  lcd1602.o(i.LCD1602_Write8)
    PCF8574_Write                            0x00000595   Thumb Code    32  lcd1602.o(i.PCF8574_Write)
    SysTick_Handler                          0x000005bd   Thumb Code    18  main.o(i.SysTick_Handler)
    SystemInit                               0x000005d9   Thumb Code    78  system_mkl05z4.o(i.SystemInit)
    TPM0_IRQHandler                          0x00000635   Thumb Code    50  tpm.o(i.TPM0_IRQHandler)
    TPM0_Init_InputCapture                   0x0000067d   Thumb Code   152  tpm.o(i.TPM0_Init_InputCapture)
    TPM1_GetVal                              0x00000721   Thumb Code     6  tpm.o(i.TPM1_GetVal)
    TPM1_IRQHandler                          0x0000072d   Thumb Code    50  tpm.o(i.TPM1_IRQHandler)
    TPM1_Init_InputCapture                   0x00000775   Thumb Code   152  tpm.o(i.TPM1_Init_InputCapture)
    clear                                    0x00000941   Thumb Code     8  wheels.o(i.clear)
    forward                                  0x00000951   Thumb Code    52  wheels.o(i.forward)
    getNewDist0                              0x0000098d   Thumb Code     6  tpm.o(i.getNewDist0)
    getNewDist1                              0x00000999   Thumb Code     6  tpm.o(i.getNewDist1)
    get_distance                             0x000009a5   Thumb Code    20  main.o(i.get_distance)
    i2c_clr_IICIF                            0x000009b9   Thumb Code    14  i2c.o(i.i2c_clr_IICIF)
    i2c_disable                              0x000009cd   Thumb Code    14  i2c.o(i.i2c_disable)
    i2c_enable                               0x000009e1   Thumb Code    14  i2c.o(i.i2c_enable)
    i2c_m_start                              0x000009f5   Thumb Code    14  i2c.o(i.i2c_m_start)
    i2c_m_stop                               0x00000a09   Thumb Code    14  i2c.o(i.i2c_m_stop)
    i2c_send                                 0x00000a1d   Thumb Code     6  i2c.o(i.i2c_send)
    i2c_tran                                 0x00000a29   Thumb Code    14  i2c.o(i.i2c_tran)
    i2c_wait                                 0x00000a3d   Thumb Code   106  i2c.o(i.i2c_wait)
    itoa                                     0x00000ab9   Thumb Code   108  lcd1602.o(i.itoa)
    lcd_static                               0x00000b25   Thumb Code    40  main.o(i.lcd_static)
    lcd_update                               0x00000b65   Thumb Code    36  main.o(i.lcd_update)
    main                                     0x00000b91   Thumb Code   380  main.o(i.main)
    resetNewDist0                            0x00000d3d   Thumb Code     8  tpm.o(i.resetNewDist0)
    resetNewDist1                            0x00000d49   Thumb Code     8  tpm.o(i.resetNewDist1)
    trig_init                                0x00000d55   Thumb Code    76  trigger.o(i.trig_init)
    trigger                                  0x00000dad   Thumb Code    92  trigger.o(i.trigger)
    turn_left                                0x00000e0d   Thumb Code    22  wheels.o(i.turn_left)
    turn_right                               0x00000e29   Thumb Code    20  wheels.o(i.turn_right)
    wheels_init                              0x00000e41   Thumb Code    40  wheels.o(i.wheels_init)
    Region$$Table$$Base                      0x00000e78   Number         0  anon$$obj.o(Region$$Table)
    Region$$Table$$Limit                     0x00000e98   Number         0  anon$$obj.o(Region$$Table)
    sensor0                                  0x1ffffc08   Data           4  main.o(.data)
    sensor1                                  0x1ffffc0c   Data           4  main.o(.data)
    newSensorData                            0x1ffffc10   Data           4  main.o(.data)
    left_turns                               0x1ffffc14   Data           4  main.o(.data)
    corr_right                               0x1ffffc18   Data           4  main.o(.data)
    corr_right_cnt                           0x1ffffc1c   Data           4  main.o(.data)
    corr_left                                0x1ffffc20   Data           4  main.o(.data)
    corr_left_cnt                            0x1ffffc24   Data           4  main.o(.data)
    newDist0                                 0x1ffffc34   Data           4  tpm.o(.data)
    newDist1                                 0x1ffffc38   Data           4  tpm.o(.data)
    n                                        0x1ffffc3c   Data           4  wheels.o(.data)
    __libspace_start                         0x1ffffc48   Data          96  libspace.o(.bss)
    __temporary_stack_top$libspace           0x1ffffca8   Data           0  libspace.o(.bss)



==============================================================================

Memory Map of the image

  Image Entry point : 0x00000165

  Load Region LR_1 (Base: 0x00000000, Size: 0x00000ee0, Max: 0xffffffff, ABSOLUTE)

    Execution Region ER_RO (Exec base: 0x00000000, Load base: 0x00000000, Size: 0x00000e98, Max: 0xffffffff, ABSOLUTE)

    Exec Addr    Load Addr    Size         Type   Attr      Idx    E Section Name        Object

    0x00000000   0x00000000   0x000000c0   Data   RO          458    RESET               startup_mkl05z4.o
    0x000000c0   0x000000c0   0x00000008   Code   RO          508  * !!!main             c_p.l(__main.o)
    0x000000c8   0x000000c8   0x0000003c   Code   RO          679    !!!scatter          c_p.l(__scatter.o)
    0x00000104   0x00000104   0x0000001a   Code   RO          681    !!handler_copy      c_p.l(__scatter_copy.o)
    0x0000011e   0x0000011e   0x00000002   PAD
    0x00000120   0x00000120   0x0000001c   Code   RO          683    !!handler_zi        c_p.l(__scatter_zi.o)
    0x0000013c   0x0000013c   0x00000002   Code   RO          546    .ARM.Collect$$libinit$$00000000  c_p.l(libinit.o)
    0x0000013e   0x0000013e   0x00000000   Code   RO          560    .ARM.Collect$$libinit$$00000002  c_p.l(libinit2.o)
    0x0000013e   0x0000013e   0x00000000   Code   RO          562    .ARM.Collect$$libinit$$00000004  c_p.l(libinit2.o)
    0x0000013e   0x0000013e   0x00000000   Code   RO          565    .ARM.Collect$$libinit$$0000000A  c_p.l(libinit2.o)
    0x0000013e   0x0000013e   0x00000000   Code   RO          567    .ARM.Collect$$libinit$$0000000C  c_p.l(libinit2.o)
    0x0000013e   0x0000013e   0x00000000   Code   RO          569    .ARM.Collect$$libinit$$0000000E  c_p.l(libinit2.o)
    0x0000013e   0x0000013e   0x00000000   Code   RO          572    .ARM.Collect$$libinit$$00000011  c_p.l(libinit2.o)
    0x0000013e   0x0000013e   0x00000000   Code   RO          574    .ARM.Collect$$libinit$$00000013  c_p.l(libinit2.o)
    0x0000013e   0x0000013e   0x00000000   Code   RO          576    .ARM.Collect$$libinit$$00000015  c_p.l(libinit2.o)
    0x0000013e   0x0000013e   0x00000000   Code   RO          578    .ARM.Collect$$libinit$$00000017  c_p.l(libinit2.o)
    0x0000013e   0x0000013e   0x00000000   Code   RO          580    .ARM.Collect$$libinit$$00000019  c_p.l(libinit2.o)
    0x0000013e   0x0000013e   0x00000000   Code   RO          582    .ARM.Collect$$libinit$$0000001B  c_p.l(libinit2.o)
    0x0000013e   0x0000013e   0x00000000   Code   RO          584    .ARM.Collect$$libinit$$0000001D  c_p.l(libinit2.o)
    0x0000013e   0x0000013e   0x00000000   Code   RO          586    .ARM.Collect$$libinit$$0000001F  c_p.l(libinit2.o)
    0x0000013e   0x0000013e   0x00000000   Code   RO          588    .ARM.Collect$$libinit$$00000021  c_p.l(libinit2.o)
    0x0000013e   0x0000013e   0x00000000   Code   RO          590    .ARM.Collect$$libinit$$00000023  c_p.l(libinit2.o)
    0x0000013e   0x0000013e   0x00000000   Code   RO          592    .ARM.Collect$$libinit$$00000025  c_p.l(libinit2.o)
    0x0000013e   0x0000013e   0x00000000   Code   RO          596    .ARM.Collect$$libinit$$0000002C  c_p.l(libinit2.o)
    0x0000013e   0x0000013e   0x00000000   Code   RO          598    .ARM.Collect$$libinit$$0000002E  c_p.l(libinit2.o)
    0x0000013e   0x0000013e   0x00000000   Code   RO          600    .ARM.Collect$$libinit$$00000030  c_p.l(libinit2.o)
    0x0000013e   0x0000013e   0x00000000   Code   RO          602    .ARM.Collect$$libinit$$00000032  c_p.l(libinit2.o)
    0x0000013e   0x0000013e   0x00000002   Code   RO          603    .ARM.Collect$$libinit$$00000033  c_p.l(libinit2.o)
    0x00000140   0x00000140   0x00000002   Code   RO          634    .ARM.Collect$$libshutdown$$00000000  c_p.l(libshutdown.o)
    0x00000142   0x00000142   0x00000000   Code   RO          660    .ARM.Collect$$libshutdown$$00000002  c_p.l(libshutdown2.o)
    0x00000142   0x00000142   0x00000000   Code   RO          662    .ARM.Collect$$libshutdown$$00000004  c_p.l(libshutdown2.o)
    0x00000142   0x00000142   0x00000000   Code   RO          664    .ARM.Collect$$libshutdown$$00000006  c_p.l(libshutdown2.o)
    0x00000142   0x00000142   0x00000000   Code   RO          667    .ARM.Collect$$libshutdown$$00000009  c_p.l(libshutdown2.o)
    0x00000142   0x00000142   0x00000000   Code   RO          670    .ARM.Collect$$libshutdown$$0000000C  c_p.l(libshutdown2.o)
    0x00000142   0x00000142   0x00000000   Code   RO          672    .ARM.Collect$$libshutdown$$0000000E  c_p.l(libshutdown2.o)
    0x00000142   0x00000142   0x00000000   Code   RO          675    .ARM.Collect$$libshutdown$$00000011  c_p.l(libshutdown2.o)
    0x00000142   0x00000142   0x00000002   Code   RO          676    .ARM.Collect$$libshutdown$$00000012  c_p.l(libshutdown2.o)
    0x00000144   0x00000144   0x00000000   Code   RO          510    .ARM.Collect$$rtentry$$00000000  c_p.l(__rtentry.o)
    0x00000144   0x00000144   0x00000000   Code   RO          516    .ARM.Collect$$rtentry$$00000002  c_p.l(__rtentry2.o)
    0x00000144   0x00000144   0x00000006   Code   RO          528    .ARM.Collect$$rtentry$$00000004  c_p.l(__rtentry4.o)
    0x0000014a   0x0000014a   0x00000000   Code   RO          518    .ARM.Collect$$rtentry$$00000009  c_p.l(__rtentry2.o)
    0x0000014a   0x0000014a   0x00000004   Code   RO          519    .ARM.Collect$$rtentry$$0000000A  c_p.l(__rtentry2.o)
    0x0000014e   0x0000014e   0x00000000   Code   RO          521    .ARM.Collect$$rtentry$$0000000C  c_p.l(__rtentry2.o)
    0x0000014e   0x0000014e   0x00000008   Code   RO          522    .ARM.Collect$$rtentry$$0000000D  c_p.l(__rtentry2.o)
    0x00000156   0x00000156   0x00000002   Code   RO          551    .ARM.Collect$$rtexit$$00000000  c_p.l(rtexit.o)
    0x00000158   0x00000158   0x00000000   Code   RO          607    .ARM.Collect$$rtexit$$00000002  c_p.l(rtexit2.o)
    0x00000158   0x00000158   0x00000004   Code   RO          608    .ARM.Collect$$rtexit$$00000003  c_p.l(rtexit2.o)
    0x0000015c   0x0000015c   0x00000006   Code   RO          609    .ARM.Collect$$rtexit$$00000004  c_p.l(rtexit2.o)
    0x00000162   0x00000162   0x00000002   PAD
    0x00000164   0x00000164   0x00000034   Code   RO          460  * .text               startup_mkl05z4.o
    0x00000198   0x00000198   0x0000015a   Code   RO          502    .text               c_p.l(aeabi_sdiv.o)
    0x000002f2   0x000002f2   0x00000006   Code   RO          506    .text               c_p.l(heapauxi.o)
    0x000002f8   0x000002f8   0x0000003e   Code   RO          532    .text               c_p.l(sys_stackheap_outer.o)
    0x00000336   0x00000336   0x00000010   Code   RO          535    .text               c_p.l(exit.o)
    0x00000346   0x00000346   0x00000002   PAD
    0x00000348   0x00000348   0x00000008   Code   RO          547    .text               c_p.l(libspace.o)
    0x00000350   0x00000350   0x0000000c   Code   RO          604    .text               c_p.l(sys_exit.o)
    0x0000035c   0x0000035c   0x00000002   Code   RO          623    .text               c_p.l(use_no_semi.o)
    0x0000035e   0x0000035e   0x00000000   Code   RO          625    .text               c_p.l(indicate_semi.o)
    0x0000035e   0x0000035e   0x00000002   PAD
    0x00000360   0x00000360   0x00000064   Code   RO          279    i.I2C_Init          i2c.o
    0x000003c4   0x000003c4   0x0000000c   Code   RO          375    i.LCD1602_ClearAll  lcd1602.o
    0x000003d0   0x000003d0   0x0000001c   Code   RO          377    i.LCD1602_Print     lcd1602.o
    0x000003ec   0x000003ec   0x0000000c   Code   RO          102    i.TPM0_GetVal       tpm.o
    0x000003f8   0x000003f8   0x00000008   PAD
    0x00000400   0x00000400   0x00000010   Code   RO          459    .ARM.__at_0x400     startup_mkl05z4.o
    0x00000410   0x00000410   0x00000040   Code   RO          281    i.I2C_Write         i2c.o
    0x00000450   0x00000450   0x00000040   Code   RO          374    i.LCD1602_CheckAddress  lcd1602.o
    0x00000490   0x00000490   0x00000050   Code   RO          376    i.LCD1602_Init      lcd1602.o
    0x000004e0   0x000004e0   0x00000028   Code   RO          378    i.LCD1602_PrintNum  lcd1602.o
    0x00000508   0x00000508   0x0000001e   Code   RO          379    i.LCD1602_SetCursor  lcd1602.o
    0x00000526   0x00000526   0x00000002   PAD
    0x00000528   0x00000528   0x00000050   Code   RO          380    i.LCD1602_Write4    lcd1602.o
    0x00000578   0x00000578   0x0000001c   Code   RO          381    i.LCD1602_Write8    lcd1602.o
    0x00000594   0x00000594   0x00000028   Code   RO          382    i.PCF8574_Write     lcd1602.o
    0x000005bc   0x000005bc   0x0000001c   Code   RO            3    i.SysTick_Handler   main.o
    0x000005d8   0x000005d8   0x0000005c   Code   RO          469    i.SystemInit        system_mkl05z4.o
    0x00000634   0x00000634   0x00000048   Code   RO          103    i.TPM0_IRQHandler   tpm.o
    0x0000067c   0x0000067c   0x000000a4   Code   RO          104    i.TPM0_Init_InputCapture  tpm.o
    0x00000720   0x00000720   0x0000000c   Code   RO          105    i.TPM1_GetVal       tpm.o
    0x0000072c   0x0000072c   0x00000048   Code   RO          106    i.TPM1_IRQHandler   tpm.o
    0x00000774   0x00000774   0x000000a4   Code   RO          107    i.TPM1_Init_InputCapture  tpm.o
    0x00000818   0x00000818   0x00000018   Code   RO          108    i.__NVIC_ClearPendingIRQ  tpm.o
    0x00000830   0x00000830   0x00000020   Code   RO          109    i.__NVIC_EnableIRQ  tpm.o
    0x00000850   0x00000850   0x00000078   Code   RO            4    i.__NVIC_SetPriority  main.o
    0x000008c8   0x000008c8   0x00000078   Code   RO          110    i.__NVIC_SetPriority  tpm.o
    0x00000940   0x00000940   0x00000010   Code   RO          227    i.clear             wheels.o
    0x00000950   0x00000950   0x0000003c   Code   RO          228    i.forward           wheels.o
    0x0000098c   0x0000098c   0x0000000c   Code   RO          111    i.getNewDist0       tpm.o
    0x00000998   0x00000998   0x0000000c   Code   RO          112    i.getNewDist1       tpm.o
    0x000009a4   0x000009a4   0x00000014   Code   RO            5    i.get_distance      main.o
    0x000009b8   0x000009b8   0x00000014   Code   RO          282    i.i2c_clr_IICIF     i2c.o
    0x000009cc   0x000009cc   0x00000014   Code   RO          283    i.i2c_disable       i2c.o
    0x000009e0   0x000009e0   0x00000014   Code   RO          284    i.i2c_enable        i2c.o
    0x000009f4   0x000009f4   0x00000014   Code   RO          286    i.i2c_m_start       i2c.o
    0x00000a08   0x00000a08   0x00000014   Code   RO          287    i.i2c_m_stop        i2c.o
    0x00000a1c   0x00000a1c   0x0000000c   Code   RO          288    i.i2c_send          i2c.o
    0x00000a28   0x00000a28   0x00000014   Code   RO          289    i.i2c_tran          i2c.o
    0x00000a3c   0x00000a3c   0x0000007c   Code   RO          290    i.i2c_wait          i2c.o
    0x00000ab8   0x00000ab8   0x0000006c   Code   RO          383    i.itoa              lcd1602.o
    0x00000b24   0x00000b24   0x00000040   Code   RO            6    i.lcd_static        main.o
    0x00000b64   0x00000b64   0x0000002c   Code   RO            7    i.lcd_update        main.o
    0x00000b90   0x00000b90   0x000001ac   Code   RO            8    i.main              main.o
    0x00000d3c   0x00000d3c   0x0000000c   Code   RO          113    i.resetNewDist0     tpm.o
    0x00000d48   0x00000d48   0x0000000c   Code   RO          114    i.resetNewDist1     tpm.o
    0x00000d54   0x00000d54   0x00000058   Code   RO          197    i.trig_init         trigger.o
    0x00000dac   0x00000dac   0x00000060   Code   RO          198    i.trigger           trigger.o
    0x00000e0c   0x00000e0c   0x0000001c   Code   RO          229    i.turn_left         wheels.o
    0x00000e28   0x00000e28   0x00000018   Code   RO          230    i.turn_right        wheels.o
    0x00000e40   0x00000e40   0x00000038   Code   RO          231    i.wheels_init       wheels.o
    0x00000e78   0x00000e78   0x00000020   Data   RO          677    Region$$Table       anon$$obj.o


    Execution Region ER_RW (Exec base: 0x1ffffc00, Load base: 0x00000e98, Size: 0x00000048, Max: 0xffffffff, ABSOLUTE)

    Exec Addr    Load Addr    Size         Type   Attr      Idx    E Section Name        Object

    0x1ffffc00   0x00000e98   0x00000028   Data   RW            9    .data               main.o
    0x1ffffc28   0x00000ec0   0x00000014   Data   RW          115    .data               tpm.o
    0x1ffffc3c   0x00000ed4   0x00000004   Data   RW          232    .data               wheels.o
    0x1ffffc40   0x00000ed8   0x00000004   Data   RW          291    .data               i2c.o
    0x1ffffc44   0x00000edc   0x00000002   Data   RW          384    .data               lcd1602.o


    Execution Region ER_ZI (Exec base: 0x1ffffc48, Load base: 0x00000ee0, Size: 0x00000160, Max: 0xffffffff, ABSOLUTE)

    Exec Addr    Load Addr    Size         Type   Attr      Idx    E Section Name        Object

    0x1ffffc48        -       0x00000060   Zero   RW          548    .bss                c_p.l(libspace.o)
    0x1ffffca8        -       0x00000000   Zero   RW          457    HEAP                startup_mkl05z4.o
    0x1ffffca8        -       0x00000100   Zero   RW          456    STACK               startup_mkl05z4.o


==============================================================================

Image component sizes


      Code (inc. data)   RO Data    RW Data    ZI Data      Debug   Object Name

       420         78          0          4          0       4542   i2c.o
       510         34          0          2          0       5801   lcd1602.o
       704        100          0         40          0      91859   main.o
        68         38        192          0        256        852   startup_mkl05z4.o
        92         14          0          0          0        473   system_mkl05z4.o
       720        122          0         20          0      13702   tpm.o
       184         16          0          0          0       1030   trigger.o
       184         42          0          4          0       2113   wheels.o

    ----------------------------------------------------------------------
      2892        452        224         72        256     120372   Object Totals
         0          0         32          0          0          0   (incl. Generated)
        10          8          0          2          0          0   (incl. Padding)

    ----------------------------------------------------------------------

      Code (inc. data)   RO Data    RW Data    ZI Data      Debug   Library Member Name

         8          0          0          0          0         68   __main.o
         0          0          0          0          0          0   __rtentry.o
        12          0          0          0          0          0   __rtentry2.o
         6          0          0          0          0          0   __rtentry4.o
        60          8          0          0          0          0   __scatter.o
        26          0          0          0          0          0   __scatter_copy.o
        28          0          0          0          0          0   __scatter_zi.o
       346          0          0          0          0         92   aeabi_sdiv.o
        16          0          0          0          0         68   exit.o
         6          0          0          0          0        136   heapauxi.o
         0          0          0          0          0          0   indicate_semi.o
         2          0          0          0          0          0   libinit.o
         2          0          0          0          0          0   libinit2.o
         2          0          0          0          0          0   libshutdown.o
         2          0          0          0          0          0   libshutdown2.o
         8          4          0          0         96         68   libspace.o
         2          0          0          0          0          0   rtexit.o
        10          0          0          0          0          0   rtexit2.o
        12          4          0          0          0         60   sys_exit.o
        62          0          0          0          0         80   sys_stackheap_outer.o
         2          0          0          0          0         68   use_no_semi.o

    ----------------------------------------------------------------------
       620         16          0          0         96        640   Library Totals
         8          0          0          0          0          0   (incl. Padding)

    ----------------------------------------------------------------------

      Code (inc. data)   RO Data    RW Data    ZI Data      Debug   Library Name

       612         16          0          0         96        640   c_p.l

    ----------------------------------------------------------------------
       620         16          0          0         96        640   Library Totals

    ----------------------------------------------------------------------

==============================================================================


      Code (inc. data)   RO Data    RW Data    ZI Data      Debug   

      3512        468        224         72        352     118888   Grand Totals
      3512        468        224         72        352     118888   ELF Image Totals
      3512        468        224         72          0          0   ROM Totals

==============================================================================

    Total RO  Size (Code + RO Data)                 3736 (   3.65kB)
    Total RW  Size (RW Data + ZI Data)               424 (   0.41kB)
    Total ROM Size (Code + RO Data + RW Data)       3808 (   3.72kB)

==============================================================================

